---
source: app/wasmio/src/application/s3/path.rs
expression: "S3Path::try_from_path(\"asd\")"
---
Err(
    S3Error {
        message: None,
        kind: InvalidURI,
    },
)
