---
source: app/wasmio/src/application/s3/errors.rs
expression: response
---
Response {
    status: 500,
    version: HTTP/1.1,
    headers: {
        "content-type": "application/xml",
    },
    body: Body(
        UnsyncBoxBody,
    ),
}
